[16:28:40.400] [INFO] storybook v10.5.10
[16:28:41.907] [DEBUG] Getting package.json info for /home/leonid/Documents/projects/lusintarr/package.json...
[16:28:42.156] [DEBUG] Could not determine @babel/preset-env version in use. In case of runtime errors with @babel/preset-env, you may need to set the babelRemoveBugfixes feature flag in your `main.ts` file.
[16:28:42.341] [INFO] Starting...
[16:28:42.419] [DEBUG] Starting preview..
[16:28:42.565] [WARN] 🚨 Unable to index ./src/components/Modal/storybook/Modal.stories.tsx:
  NoMetaError: CSF: missing default export /home/leonid/Documents/projects/lusintarr/src/components/Modal/storybook/Modal.stories.tsx (line 1, col 0)

More info: https://storybook.js.org/docs/writing-stories?ref=error#default-export
    at CsfFile.parse (file:///home/leonid/Documents/projects/lusintarr/node_modules/.pnpm/storybook@10.5.10_@types+react@19.2.18_prettier@3.9.6_react@19.2.8/node_modules/storybook/dist/_node-chunks/chunk-FMSFP5MW.js:439:13)
    at Object.createIndex (file:///home/leonid/Documents/projects/lusintarr/node_modules/.pnpm/storybook@10.5.10_@types+react@19.2.18_prettier@3.9.6_react@19.2.8/node_modules/storybook/dist/core-server/presets/common-preset.js:1976:154)
    at async _StoryIndexGenerator.extractStories (file:///home/leonid/Documents/projects/lusintarr/node_modules/.pnpm/storybook@10.5.10_@types+react@19.2.18_prettier@3.9.6_react@19.2.8/node_modules/storybook/dist/core-server/index.js:19241:23)
    at async file:///home/leonid/Documents/projects/lusintarr/node_modules/.pnpm/storybook@10.5.10_@types+react@19.2.18_prettier@3.9.6_react@19.2.8/node_modules/storybook/dist/core-server/index.js:19162:39
    at async Promise.all (index 0)
    at async Promise.all (index 1)
    at async _StoryIndexGenerator.updateExtracted (file:///home/leonid/Documents/projects/lusintarr/node_modules/.pnpm/storybook@10.5.10_@types+react@19.2.18_prettier@3.9.6_react@19.2.8/node_modules/storybook/dist/core-server/index.js:19150:5)
    at async _StoryIndexGenerator.ensureExtracted (file:///home/leonid/Documents/projects/lusintarr/node_modules/.pnpm/storybook@10.5.10_@types+react@19.2.18_prettier@3.9.6_react@19.2.8/node_modules/storybook/dist/core-server/index.js:19185:5)
    at async _StoryIndexGenerator.initialize (file:///home/leonid/Documents/projects/lusintarr/node_modules/.pnpm/storybook@10.5.10_@types+react@19.2.18_prettier@3.9.6_react@19.2.8/node_modules/storybook/dist/core-server/index.js:19146:5)
    at async file:///home/leonid/Documents/projects/lusintarr/node_modules/.pnpm/storybook@10.5.10_@types+react@19.2.18_prettier@3.9.6_react@19.2.8/node_modules/storybook/dist/core-server/presets/common-preset.js:2047:10
[16:28:42.568] [ERROR] Failed to build the preview
[16:28:42.571] [ERROR] Error: Unable to index ./src/components/Modal/storybook/Modal.stories.tsx
    at _StoryIndexGenerator.getIndexAndStats (file://./node_modules/.pnpm/storybook@10.5.10_@types+react@19.2.18_prettier@3.9.6_react@19.2.8/node_modules/storybook/dist/core-server/index.js:19416:15)
    at async _StoryIndexGenerator.getIndex (file://./node_modules/.pnpm/storybook@10.5.10_@types+react@19.2.18_prettier@3.9.6_react@19.2.8/node_modules/storybook/dist/core-server/index.js:19405:13)
    at async BasicMinimalPluginContext.config (file://./node_modules/.pnpm/@storybook+builder-vite@10.5.10_esbuild@0.28.2_storybook@10.5.10_@types+react@19.2.18_p_391a48da698738a89dbc5601aa52c807/node_modules/@storybook/builder-vite/dist/_node-chunks/chunk-I2LYMCPD.js:188:19)
    at async runConfigHook (file://./node_modules/.pnpm/vite@8.2.2_@types+node@26.2.0_esbuild@0.28.2_jiti@2.7.0_yaml@2.9.0/node_modules/vite/dist/node/chunks/node.js:37193:15)
    at async resolveConfig (file://./node_modules/.pnpm/vite@8.2.2_@types+node@26.2.0_esbuild@0.28.2_jiti@2.7.0_yaml@2.9.0/node_modules/vite/dist/node/chunks/node.js:36606:11)
    at async _createServer (file://./node_modules/.pnpm/vite@8.2.2_@types+node@26.2.0_esbuild@0.28.2_jiti@2.7.0_yaml@2.9.0/node_modules/vite/dist/node/chunks/node.js:26388:65)
    at async Module.start (file://./node_modules/.pnpm/@storybook+builder-vite@10.5.10_esbuild@0.28.2_storybook@10.5.10_@types+react@19.2.18_p_391a48da698738a89dbc5601aa52c807/node_modules/@storybook/builder-vite/dist/index.js:1621:17)
    at async storybookDevServer (file://./node_modules/.pnpm/storybook@10.5.10_@types+react@19.2.18_prettier@3.9.6_react@19.2.8/node_modules/storybook/dist/core-server/index.js:11225:59)
    at async buildOrThrow (file://./node_modules/.pnpm/storybook@10.5.10_@types+react@19.2.18_prettier@3.9.6_react@19.2.8/node_modules/storybook/dist/core-server/index.js:8331:12)
    at async buildDevStandalone (file://./node_modules/.pnpm/storybook@10.5.10_@types+react@19.2.18_prettier@3.9.6_react@19.2.8/node_modules/storybook/dist/core-server/index.js:11990:41)
[16:28:42.572] [WARN] Broken build, fix the error above.
You may need to refresh the browser.